{
  "status": "completed_not_automatically_qualified",
  "warmup_seconds": 10,
  "requested_sample_count": 60,
  "include_new_vt_services": true,
  "media_start": null,
  "media_end": null,
  "sample_count": 60,
  "interval_seconds": 1,
  "measurement_start_utc": "2026-09-29T06:34:30Z",
  "host_other_cpu_one_core_percent": {
    "mean": 57.52270113109796,
    "p95": 65.68229240812445,
    "peak": 76.10078757950922
  },
  "host_audit_top_limit": 8,
  "rss_mib": {
    "mean": 189.21510416666666,
    "p95": 189.859375,
    "peak": 190.0
  },
  "cpu_one_core_percent": {
    "mean": 51.547908621460486,
    "p95": 61.68904365957763,
    "peak": 64.0013200279636
  },
  "process_count_peak": 2,
  "notes": "New VideoToolbox service attribution is temporal, not proven exclusive ownership. Unrelated services may overcount. Aggregate RSS may double-count shared pages. Unified GPU memory overlaps RSS and is not added. Short-lived descendants may be missed. Host-other CPU is separate, not charged to the app; it includes system work and the measurement harness. Names are basenames only, no argv. New/exited processes without two comparable samples are missed. PID reuse under the same executable is not detectable.",
  "exit_code": 0,
  "forced_termination": false
}
