{
  "status": "completed_not_automatically_qualified",
  "warmup_seconds": 10,
  "requested_sample_count": 60,
  "include_new_vt_services": true,
  "media_start": null,
  "media_end": null,
  "sample_count": 60,
  "interval_seconds": 1,
  "measurement_start_utc": "2026-09-29T05:31:23Z",
  "host_other_cpu_one_core_percent": {
    "mean": 61.622930749144324,
    "p95": 79.8690053248665,
    "peak": 193.63728053951976
  },
  "host_audit_top_limit": 8,
  "rss_mib": {
    "mean": 193.07994791666667,
    "p95": 193.875,
    "peak": 194.0625
  },
  "cpu_one_core_percent": {
    "mean": 53.280530159091676,
    "p95": 63.00042790011089,
    "peak": 64.18184979537614
  },
  "process_count_peak": 2,
  "notes": "New VideoToolbox service attribution is temporal, not proven exclusive ownership. Unrelated services may overcount. Aggregate RSS may double-count shared pages. Unified GPU memory overlaps RSS and is not added. Short-lived descendants may be missed. Host-other CPU is separate, not charged to the app; it includes system work and the measurement harness. Names are basenames only, no argv. New/exited processes without two comparable samples are missed. PID reuse under the same executable is not detectable.",
  "exit_code": 0,
  "forced_termination": false
}
