{
  "status": "completed_not_automatically_qualified",
  "warmup_seconds": 10,
  "requested_sample_count": 60,
  "include_new_vt_services": true,
  "macos_footprint": {
    "enabled": true,
    "api": "proc_pid_rusage RUSAGE_INFO_V0 ri_phys_footprint",
    "entry_limit_per_sample": 64,
    "scope": "Separate OS physical-footprint ledger for existing attributed PIDs; no additional process discovery. Unavailable processes make the aggregate null, never zero. Totals are not unique physical memory and must not be added to RSS or GPU estimates. Sequential ps/rusage observations are not atomic; start-abstime records permit later lifetime comparison but do not validate the preceding ps identity. Temporal VT attribution and excluded baseline-service limits still apply.",
    "complete_sample_count": 60,
    "incomplete_sample_count": 0,
    "all_samples_complete": true,
    "physical_footprint_mib": {
      "mean": 318.4484685262044,
      "p95": 319.3768539428711,
      "peak": 319.4549789428711
    }
  },
  "per_process_rss": {
    "enabled": true,
    "entry_limit_per_sample": 64,
    "baseline_vt_service_count": 2,
    "baseline_vt_services": [
      {
        "pid": 503,
        "executable": "VTDecoderXPCService"
      },
      {
        "pid": 80397,
        "executable": "VTDecoderXPCService"
      }
    ],
    "baseline_vt_services_omitted": 0,
    "scope": "Same ps scan; root and descendants are distinct from temporally attributed new VT services. Preexisting VT services are excluded even if reused by this app; absent new-service RSS is not evidence of absent or unchanged decoder memory. PIDs are sample identities, not birth-time verified lifetimes. Shared RSS pages may be double-counted; no physical-footprint, private-allocation, or GPU-memory attribution. Short-lived or reparented descendants may be missed. No argv or executable directories."
  },
  "media_start": null,
  "media_end": null,
  "sample_count": 60,
  "interval_seconds": 1,
  "measurement_start_utc": "2026-09-29T11:03:10Z",
  "host_other_cpu_one_core_percent": {
    "mean": 49.1948581230649,
    "p95": 69.93683242534031,
    "peak": 73.66977358819747
  },
  "host_audit_top_limit": 8,
  "rss_mib": {
    "mean": 189.26484375,
    "p95": 189.9375,
    "peak": 189.984375
  },
  "cpu_one_core_percent": {
    "mean": 48.783703151445465,
    "p95": 61.39280616292461,
    "peak": 61.93219459218758
  },
  "process_count_peak": 2,
  "notes": "New VideoToolbox service attribution is temporal, not proven exclusive ownership. Unrelated services may overcount. Aggregate RSS may double-count shared pages. Unified GPU memory overlaps RSS and is not added. Short-lived descendants may be missed. Host-other CPU is separate, not charged to the app; it includes system work and the measurement harness. Names are basenames only, no argv. New/exited processes without two comparable samples are missed. PID reuse under the same executable is not detectable.",
  "exit_code": 0,
  "forced_termination": false
}
