graphics: Apple | Apple M1 | 4.1 Metal - 91.7
window occluded=false
smoke stage 0: Snapshot { state: Playing, paused: false, position: 2.4166666666666665, duration: 90.0, volume: 100.0, hwdec_current: "videotoolbox", codec: "H.264 / AVC / MPEG-4 AVC / MPEG-4 part 10", audio_codec: "aac", audio_output: "avfoundation", diagnostic_silent_audio: false, audio_sample_rate: 48000, width: 1920, height: 1080, fps: 60.0, dropped_frames: 53, error: None, events_received: 91, wakeups: 136, render_notifications: 107, decoder_dropped_frames: 0, timing_lead_ms: 0, prepare_ms: 0 }; catalog changes=0 resets=1
smoke stage 1: Snapshot { state: Paused, paused: true, position: 2.6166666666666667, duration: 90.0, volume: 100.0, hwdec_current: "videotoolbox", codec: "H.264 / AVC / MPEG-4 AVC / MPEG-4 part 10", audio_codec: "aac", audio_output: "avfoundation", diagnostic_silent_audio: false, audio_sample_rate: 48000, width: 1920, height: 1080, fps: 60.0, dropped_frames: 53, error: None, events_received: 94, wakeups: 139, render_notifications: 108, decoder_dropped_frames: 0, timing_lead_ms: 0, prepare_ms: 0 }; catalog changes=0 resets=1
smoke assertion: paused seek reached 20 seconds
smoke stage 2: Snapshot { state: Paused, paused: true, position: 20.0, duration: 90.0, volume: 100.0, hwdec_current: "videotoolbox", codec: "H.264 / AVC / MPEG-4 AVC / MPEG-4 part 10", audio_codec: "aac", audio_output: "avfoundation", diagnostic_silent_audio: false, audio_sample_rate: 48000, width: 1920, height: 1080, fps: 60.0, dropped_frames: 0, error: None, events_received: 99, wakeups: 145, render_notifications: 110, decoder_dropped_frames: 0, timing_lead_ms: 0, prepare_ms: 0 }; catalog changes=0 resets=1
smoke stage 3: Snapshot { state: Playing, paused: false, position: 21.816666666666666, duration: 90.0, volume: 100.0, hwdec_current: "videotoolbox", codec: "H.264 / AVC / MPEG-4 AVC / MPEG-4 part 10", audio_codec: "aac", audio_output: "avfoundation", diagnostic_silent_audio: false, audio_sample_rate: 48000, width: 1920, height: 1080, fps: 60.0, dropped_frames: 39, error: None, events_received: 146, wakeups: 239, render_notifications: 188, decoder_dropped_frames: 0, timing_lead_ms: 0, prepare_ms: 0 }; catalog changes=0 resets=1
window occluded=true
window occluded=false
smoke stage 4: Snapshot { state: Playing, paused: false, position: 23.183333333333334, duration: 90.0, volume: 100.0, hwdec_current: "videotoolbox", codec: "H.264 / AVC / MPEG-4 AVC / MPEG-4 part 10", audio_codec: "aac", audio_output: "avfoundation", diagnostic_silent_audio: false, audio_sample_rate: 48000, width: 1920, height: 1080, fps: 60.0, dropped_frames: 70, error: None, events_received: 175, wakeups: 306, render_notifications: 245, decoder_dropped_frames: 0, timing_lead_ms: 0, prepare_ms: 0 }; catalog changes=0 resets=1
window occluded=true
window occluded=false
smoke stage 5: Snapshot { state: Playing, paused: false, position: 24.566666666666666, duration: 90.0, volume: 100.0, hwdec_current: "videotoolbox", codec: "H.264 / AVC / MPEG-4 AVC / MPEG-4 part 10", audio_codec: "aac", audio_output: "avfoundation", diagnostic_silent_audio: false, audio_sample_rate: 48000, width: 1920, height: 1080, fps: 60.0, dropped_frames: 98, error: None, events_received: 208, wakeups: 375, render_notifications: 303, decoder_dropped_frames: 0, timing_lead_ms: 0, prepare_ms: 0 }; catalog changes=0 resets=1
smoke stage 6: Snapshot { state: Playing, paused: false, position: 24.85, duration: 90.0, volume: 100.0, hwdec_current: "videotoolbox", codec: "H.264 / AVC / MPEG-4 AVC / MPEG-4 part 10", audio_codec: "aac", audio_output: "avfoundation", diagnostic_silent_audio: false, audio_sample_rate: 48000, width: 1920, height: 1080, fps: 60.0, dropped_frames: 114, error: None, events_received: 225, wakeups: 430, render_notifications: 347, decoder_dropped_frames: 0, timing_lead_ms: 0, prepare_ms: 0 }; catalog changes=0 resets=1
window occluded=true
smoke stage 7: Snapshot { state: Paused, paused: true, position: 24.85, duration: 90.0, volume: 100.0, hwdec_current: "videotoolbox", codec: "H.264 / AVC / MPEG-4 AVC / MPEG-4 part 10", audio_codec: "aac", audio_output: "avfoundation", diagnostic_silent_audio: false, audio_sample_rate: 48000, width: 1920, height: 1080, fps: 60.0, dropped_frames: 120, error: None, events_received: 229, wakeups: 433, render_notifications: 352, decoder_dropped_frames: 0, timing_lead_ms: 0, prepare_ms: 0 }; catalog changes=0 resets=1
window occluded=false
smoke stage 8: Snapshot { state: Playing, paused: false, position: 24.85, duration: 90.0, volume: 100.0, hwdec_current: "videotoolbox", codec: "H.264 / AVC / MPEG-4 AVC / MPEG-4 part 10", audio_codec: "aac", audio_output: "avfoundation", diagnostic_silent_audio: false, audio_sample_rate: 48000, width: 1920, height: 1080, fps: 60.0, dropped_frames: 188, error: None, events_received: 285, wakeups: 528, render_notifications: 405, decoder_dropped_frames: 0, timing_lead_ms: 0, prepare_ms: 0 }; catalog changes=0 resets=1
session counters: ui=56 catalog_changes=0 catalog_resets=1 redraw_requests=434 draw_callbacks=809 media=Snapshot { state: Playing, paused: false, position: 29.633333333333333, duration: 90.0, volume: 100.0, hwdec_current: "videotoolbox", codec: "H.264 / AVC / MPEG-4 AVC / MPEG-4 part 10", audio_codec: "aac", audio_output: "avfoundation", diagnostic_silent_audio: false, audio_sample_rate: 48000, width: 1920, height: 1080, fps: 60.0, dropped_frames: 226, error: None, events_received: 329, wakeups: 625, render_notifications: 485, decoder_dropped_frames: 0, timing_lead_ms: 0, prepare_ms: 0 }
render stats: RenderStats { updates: 481, video_draws: 479, ui_draws: 809, target_allocations: 13, target_bytes: 6589440, timing_samples: 0, gl_save_us: 0, mpv_update_us: 0, mpv_render_us: 0, gl_restore_us: 0, max_mpv_render_us: 0, target_time_samples: 0, early_us: 0, late_us: 0, max_early_us: 0, max_late_us: 0, scheduled_wakes: 0 }
