{
  "status": "completed_not_automatically_qualified",
  "warmup_seconds": 10,
  "requested_sample_count": 60,
  "include_new_vt_services": true,
  "media_start": null,
  "media_end": null,
  "sample_count": 60,
  "interval_seconds": 1,
  "measurement_start_utc": "2026-09-29T05:32:50Z",
  "host_other_cpu_one_core_percent": {
    "mean": 58.09155795979721,
    "p95": 82.01329296182142,
    "peak": 104.74313962204725
  },
  "host_audit_top_limit": 8,
  "rss_mib": {
    "mean": 189.059375,
    "p95": 189.84375,
    "peak": 189.90625
  },
  "cpu_one_core_percent": {
    "mean": 51.20208292920966,
    "p95": 62.99972437594069,
    "peak": 64.00111201847554
  },
  "process_count_peak": 2,
  "notes": "New VideoToolbox service attribution is temporal, not proven exclusive ownership. Unrelated services may overcount. Aggregate RSS may double-count shared pages. Unified GPU memory overlaps RSS and is not added. Short-lived descendants may be missed. Host-other CPU is separate, not charged to the app; it includes system work and the measurement harness. Names are basenames only, no argv. New/exited processes without two comparable samples are missed. PID reuse under the same executable is not detectable.",
  "exit_code": 0,
  "forced_termination": false
}
