graphics: Apple | Apple M1 | 4.1 Metal - 91.7
library fixture event: elapsed_ms=214 sequence=1 kind=resized hidden=false catalog_changes=0 catalog_resets=0 library_notifications=(0, 0)
library fixture event: elapsed_ms=218 sequence=2 kind=scale-changed hidden=false catalog_changes=0 catalog_resets=0 library_notifications=(0, 0)
library fixture event: elapsed_ms=218 sequence=3 kind=resized hidden=false catalog_changes=0 catalog_resets=0 library_notifications=(0, 0)
library fixture event: elapsed_ms=218 sequence=4 kind=focus-lost hidden=false catalog_changes=0 catalog_resets=0 library_notifications=(0, 0)
library fixture event: elapsed_ms=234 sequence=5 kind=resized hidden=false catalog_changes=0 catalog_resets=0 library_notifications=(0, 0)
library fixture event: elapsed_ms=234 sequence=6 kind=exposed hidden=false catalog_changes=0 catalog_resets=0 library_notifications=(0, 0)
window occluded=false at_ms=234
library fixture event: elapsed_ms=252 sequence=7 kind=focus-gained hidden=false catalog_changes=0 catalog_resets=0 library_notifications=(0, 0)
library fixture event: elapsed_ms=272 sequence=8 kind=publish-collections hidden=false catalog_changes=0 catalog_resets=0 library_notifications=(0, 0)
library fixture event: elapsed_ms=273 sequence=9 kind=collection-page-queued hidden=false catalog_changes=0 catalog_resets=0 library_notifications=(0, 1)
library fixture event: elapsed_ms=283 sequence=10 kind=publish-collections hidden=false catalog_changes=0 catalog_resets=0 library_notifications=(0, 1)
library fixture event: elapsed_ms=283 sequence=11 kind=video-page-queued hidden=false catalog_changes=0 catalog_resets=0 library_notifications=(0, 2)
library fixture event: elapsed_ms=287 sequence=12 kind=publish-library-page hidden=false catalog_changes=0 catalog_resets=0 library_notifications=(0, 2)
library fixture quiescent: elapsed_ms=328 generation=3 model_rows=100 near_viewport_first=0 near_viewport_end=9 near_viewport_ready=9 viewport_intersecting_ready_thumbnails=6 hidden=false pending=0 inflight=0 ready=0 remote_started=0 started=9 decoded=9 failed=0 published=9 published_bytes=2073600 catalog_changes=9 catalog_resets=1 group_child_changes=9 library_notifications=(1, 2) compositor_visibility=not_measured
library resource fixture checkpoint=1 page=1 sqlite_rows=100 near_viewport_ready=9 catalog_changes=9 catalog_resets=1 group_child_changes=9 input_model_delta=0 media_loads=0 account_connected=false viewport_intersecting_ready_thumbnails=6 compositor_visibility=not_measured
library fixture event: elapsed_ms=6010 sequence=13 kind=video-page-queued hidden=false catalog_changes=9 catalog_resets=1 library_notifications=(1, 2)
library fixture event: elapsed_ms=6011 sequence=14 kind=publish-library-page hidden=false catalog_changes=9 catalog_resets=1 library_notifications=(1, 2)
library fixture quiescent: elapsed_ms=6041 generation=5 model_rows=100 near_viewport_first=0 near_viewport_end=9 near_viewport_ready=9 viewport_intersecting_ready_thumbnails=6 hidden=false pending=0 inflight=0 ready=0 remote_started=0 started=18 decoded=18 failed=0 published=18 published_bytes=4147200 catalog_changes=18 catalog_resets=2 group_child_changes=18 library_notifications=(2, 2) compositor_visibility=not_measured
library resource fixture checkpoint=2 page=2 sqlite_rows=100 near_viewport_ready=9 catalog_changes=18 catalog_resets=2 group_child_changes=18 input_model_delta=0 media_loads=0 account_connected=false viewport_intersecting_ready_thumbnails=6 compositor_visibility=not_measured
library fixture event: elapsed_ms=12036 sequence=15 kind=video-page-queued hidden=false catalog_changes=18 catalog_resets=2 library_notifications=(2, 2)
library fixture event: elapsed_ms=12038 sequence=16 kind=publish-library-page hidden=false catalog_changes=18 catalog_resets=2 library_notifications=(2, 2)
library fixture quiescent: elapsed_ms=12105 generation=7 model_rows=100 near_viewport_first=0 near_viewport_end=9 near_viewport_ready=9 viewport_intersecting_ready_thumbnails=6 hidden=false pending=0 inflight=0 ready=0 remote_started=0 started=27 decoded=27 failed=0 published=27 published_bytes=6220800 catalog_changes=27 catalog_resets=3 group_child_changes=27 library_notifications=(3, 2) compositor_visibility=not_measured
library resource fixture checkpoint=3 page=3 sqlite_rows=100 near_viewport_ready=9 catalog_changes=27 catalog_resets=3 group_child_changes=27 input_model_delta=0 media_loads=0 account_connected=false viewport_intersecting_ready_thumbnails=6 compositor_visibility=not_measured
library fixture event: elapsed_ms=18041 sequence=17 kind=video-page-queued hidden=false catalog_changes=27 catalog_resets=3 library_notifications=(3, 2)
library fixture event: elapsed_ms=18042 sequence=18 kind=publish-library-page hidden=false catalog_changes=27 catalog_resets=3 library_notifications=(3, 2)
library fixture quiescent: elapsed_ms=18111 generation=9 model_rows=100 near_viewport_first=0 near_viewport_end=9 near_viewport_ready=9 viewport_intersecting_ready_thumbnails=6 hidden=false pending=0 inflight=0 ready=0 remote_started=0 started=36 decoded=36 failed=0 published=36 published_bytes=8294400 catalog_changes=36 catalog_resets=4 group_child_changes=36 library_notifications=(4, 2) compositor_visibility=not_measured
library resource fixture checkpoint=4 page=2 sqlite_rows=100 near_viewport_ready=9 catalog_changes=36 catalog_resets=4 group_child_changes=36 input_model_delta=0 media_loads=0 account_connected=false viewport_intersecting_ready_thumbnails=6 compositor_visibility=not_measured
library fixture event: elapsed_ms=24045 sequence=19 kind=video-page-queued hidden=false catalog_changes=36 catalog_resets=4 library_notifications=(4, 2)
library fixture event: elapsed_ms=24047 sequence=20 kind=publish-library-page hidden=false catalog_changes=36 catalog_resets=4 library_notifications=(4, 2)
library fixture quiescent: elapsed_ms=24119 generation=11 model_rows=100 near_viewport_first=0 near_viewport_end=9 near_viewport_ready=9 viewport_intersecting_ready_thumbnails=6 hidden=false pending=0 inflight=0 ready=0 remote_started=0 started=45 decoded=45 failed=0 published=45 published_bytes=10368000 catalog_changes=45 catalog_resets=5 group_child_changes=45 library_notifications=(5, 2) compositor_visibility=not_measured
library resource fixture checkpoint=5 page=1 sqlite_rows=100 near_viewport_ready=9 catalog_changes=45 catalog_resets=5 group_child_changes=45 input_model_delta=0 media_loads=0 account_connected=false viewport_intersecting_ready_thumbnails=6 compositor_visibility=not_measured
library keyboard stage=31: focused=-1 parking=true target=0 request=1 delivery=0 visible_first=0 visible_end=6 columns=3
library keyboard End dispatch: focused=-1 parking=true target=99 request=2 delivery=0 visible_first=96 visible_end=100
library keyboard stage=32: focused=-1 parking=true target=99 request=4 delivery=0 visible_first=96 visible_end=100 columns=3
library fixture quiescent: elapsed_ms=32096 generation=12 model_rows=100 near_viewport_first=93 near_viewport_end=100 near_viewport_ready=7 viewport_intersecting_ready_thumbnails=4 hidden=false pending=0 inflight=0 ready=0 remote_started=0 started=52 decoded=52 failed=0 published=52 published_bytes=11980800 catalog_changes=61 catalog_resets=5 group_child_changes=61 library_notifications=(5, 2) compositor_visibility=not_measured
library keyboard stage=34: focused=99 parking=false target=99 request=0 delivery=0 visible_first=96 visible_end=100 columns=3
library fixture event: elapsed_ms=34070 sequence=21 kind=resized hidden=false catalog_changes=61 catalog_resets=5 library_notifications=(5, 2)
library fixture quiescent: elapsed_ms=34075 generation=13 model_rows=100 near_viewport_first=94 near_viewport_end=100 near_viewport_ready=6 viewport_intersecting_ready_thumbnails=4 hidden=false pending=0 inflight=0 ready=0 remote_started=0 started=52 decoded=52 failed=0 published=52 published_bytes=11980800 catalog_changes=62 catalog_resets=5 group_child_changes=62 library_notifications=(5, 2) compositor_visibility=not_measured
library keyboard stage=36: focused=-1 parking=true target=0 request=6 delivery=0 visible_first=0 visible_end=4 columns=2
library fixture quiescent: elapsed_ms=36069 generation=14 model_rows=100 near_viewport_first=0 near_viewport_end=6 near_viewport_ready=6 viewport_intersecting_ready_thumbnails=4 hidden=false pending=0 inflight=0 ready=0 remote_started=0 started=58 decoded=58 failed=0 published=58 published_bytes=13363200 catalog_changes=74 catalog_resets=5 group_child_changes=74 library_notifications=(5, 2) compositor_visibility=not_measured
library keyboard stage=38: focused=-1 parking=true target=2 request=7 delivery=0 visible_first=2 visible_end=4 columns=2
library keyboard stage=40: focused=-1 parking=false target=99 request=0 delivery=0 visible_first=96 visible_end=100 columns=2
library fixture quiescent: elapsed_ms=40106 generation=15 model_rows=100 near_viewport_first=94 near_viewport_end=100 near_viewport_ready=6 viewport_intersecting_ready_thumbnails=4 hidden=false pending=0 inflight=0 ready=0 remote_started=0 started=64 decoded=64 failed=0 published=64 published_bytes=14745600 catalog_changes=86 catalog_resets=5 group_child_changes=86 library_notifications=(5, 2) compositor_visibility=not_measured
library resource fixture keyboard: End/Home/PageDown reached actual bounded identities; column resize retained item99; unrelated search focus cancelled delayed handoff; screen_reader=not_tested
library keyboard stage=42: focused=-1 parking=false target=99 request=0 delivery=0 visible_first=96 visible_end=100 columns=2
library fixture event: elapsed_ms=42074 sequence=22 kind=resized hidden=false catalog_changes=86 catalog_resets=5 library_notifications=(5, 2)
session counters: ui=4 catalog_changes=93 catalog_resets=5 redraw_requests=1 draw_callbacks=96 media=Snapshot { stop_pending: true, state: Idle, paused: false, paused_for_cache: false, playback_restarted: false, position: 0.0, duration: 0.0, volume: 100.0, muted: false, mute_observed: true, speed: 1.0, speed_observed: true, speed_updates: 1, hwdec_current: "", codec: "", audio_codec: "", audio_output: "", subtitle_id: None, subtitle_selection_observed: true, subtitle_updates: 2, diagnostic_silent_audio: false, autosync_factor: 0, audio_sample_rate: 0, width: 0, height: 0, fps: 0.0, dropped_frames: 0, error: None, events_received: 21, file_loads: 0, file_starts: 0, load_request_id: 0, active_load_request_id: 0, failed_load_request_id: None, resume_position_reply: None, audio_probe_reply: None, wakeups: 2, render_notifications: 1, decoder_dropped_frames: 0, timing_lead_ms: 50, prepare_ms: 0, display_clock_ticks: 0, display_clock_starts: 0, display_clock_stops: 0, display_clock_active: false, prevents_display_sleep: false }
library resource fixture final: model_rows=100 near_viewport_rows=7 viewport_intersecting_ready_thumbnails=0 actual_compositor_visibility=not_measured thumbnails=Statistics { admitted_generation: 17, pending: 3, inflight: 1, ready: 2, ready_peak: 7, started: 68, remote_started: 0, decoded: 67, failed: 0, cancelled: 0, stale: 0, published: 65, published_bytes: 14976000 } catalog_changes=93 catalog_resets=5 group_child_changes=93 library_notifications=(5, 2)
render stats: RenderStats { updates: 1, video_draws: 0, ui_draws: 96, target_allocations: 0, target_bytes: 0, stable_video_target: false, stable_target_draws: 0, private_target_draws: 0, target_publications: 0, timing_samples: 0, gl_save_us: 0, mpv_update_us: 0, mpv_render_us: 0, gl_restore_us: 0, max_mpv_render_us: 0, target_time_samples: 0, early_us: 0, late_us: 0, max_early_us: 0, max_late_us: 0, scheduled_wakes: 0, callback_latency_samples: 0, callback_latency_us: 0, max_callback_latency_us: 0, gpu: GpuTimingStats { requested: false, supported: false, query_api_available: false, counter_bits: 0, elapsed_counter_bits: 0, ui_elapsed_requested: false, ui_elapsed_samples: 0, ui_elapsed_ns: 0, max_ui_elapsed_ns: 0, elapsed_conflicts: 0, allocation_failed: false, disjoint_supported: false, frame_samples: 0, media_samples: 0, frame_ns: 0, media_ns: 0, ui_after_media_ns: 0, max_frame_ns: 0, max_media_ns: 0, max_ui_after_media_ns: 0, dropped_samples: 0, invalid_samples: 0, disjoint_events: 0, pending_samples: 0 } }
