{
  "status": "completed_not_automatically_qualified",
  "warmup_seconds": 10,
  "requested_sample_count": 60,
  "include_new_vt_services": true,
  "media_start": null,
  "media_end": null,
  "sample_count": 60,
  "interval_seconds": 1,
  "measurement_start_utc": "2026-09-29T05:28:30Z",
  "host_other_cpu_one_core_percent": {
    "mean": 55.31217063867716,
    "p95": 69.00228860001408,
    "peak": 77.00054539478752
  },
  "host_audit_top_limit": 8,
  "rss_mib": {
    "mean": 188.93880208333334,
    "p95": 189.671875,
    "peak": 189.78125
  },
  "cpu_one_core_percent": {
    "mean": 53.98733841318656,
    "p95": 62.99853528390251,
    "peak": 64.00142940718575
  },
  "process_count_peak": 2,
  "notes": "New VideoToolbox service attribution is temporal, not proven exclusive ownership. Unrelated services may overcount. Aggregate RSS may double-count shared pages. Unified GPU memory overlaps RSS and is not added. Short-lived descendants may be missed. Host-other CPU is separate, not charged to the app; it includes system work and the measurement harness. Names are basenames only, no argv. New/exited processes without two comparable samples are missed. PID reuse under the same executable is not detectable.",
  "exit_code": 0,
  "forced_termination": false
}
