{
  "status": "completed_not_automatically_qualified",
  "warmup_seconds": 10,
  "requested_sample_count": 60,
  "include_new_vt_services": true,
  "media_start": null,
  "media_end": null,
  "sample_count": 60,
  "interval_seconds": 1,
  "measurement_start_utc": "2026-09-29T06:31:36Z",
  "host_other_cpu_one_core_percent": {
    "mean": 58.60609878389557,
    "p95": 75.89798726432815,
    "peak": 81.37757630213704
  },
  "host_audit_top_limit": 8,
  "rss_mib": {
    "mean": 189.39140625,
    "p95": 190.125,
    "peak": 190.140625
  },
  "cpu_one_core_percent": {
    "mean": 53.106286033666045,
    "p95": 62.40841265647461,
    "peak": 64.21124067502028
  },
  "process_count_peak": 2,
  "notes": "New VideoToolbox service attribution is temporal, not proven exclusive ownership. Unrelated services may overcount. Aggregate RSS may double-count shared pages. Unified GPU memory overlaps RSS and is not added. Short-lived descendants may be missed. Host-other CPU is separate, not charged to the app; it includes system work and the measurement harness. Names are basenames only, no argv. New/exited processes without two comparable samples are missed. PID reuse under the same executable is not detectable.",
  "exit_code": 0,
  "forced_termination": false
}
