native child owning window number: 5060
native child graphics: Apple | Apple M1 | 4.1 Metal - 91.7
window occluded=false at_ms=291
native-child lifecycle observed stage=5 state=Playing paused=false position=4.533 decoder=videotoolbox native_visible=true native_publications=277 native_renders=277 ui_draws=25
native-child lifecycle stage=5 passed; compositor pixels not measured
checkpoint seconds=5: Snapshot { stop_pending: false, state: Playing, paused: false, paused_for_cache: false, playback_restarted: true, position: 4.533333333333333, duration: 90.0, volume: 100.0, muted: false, mute_observed: true, speed: 1.0, speed_observed: true, speed_updates: 1, hwdec_current: "videotoolbox", codec: "H.264 / AVC / MPEG-4 AVC / MPEG-4 part 10", audio_codec: "aac", audio_output: "avfoundation", subtitle_id: None, subtitle_selection_observed: true, subtitle_updates: 3, diagnostic_silent_audio: false, autosync_factor: 0, audio_sample_rate: 48000, width: 1920, height: 1080, fps: 60.0, dropped_frames: 2, error: None, events_received: 67, file_loads: 1, file_starts: 1, load_request_id: 4611686018427387904, active_load_request_id: 4611686018427387904, failed_load_request_id: None, resume_position_reply: None, audio_probe_reply: None, wakeups: 300, render_notifications: 280, decoder_dropped_frames: 0, timing_lead_ms: 50, prepare_ms: 0, display_clock_ticks: 279, display_clock_starts: 1, display_clock_stops: 0, display_clock_active: true, prevents_display_sleep: true }; ui_draws=25 catalog_changes=0 catalog_resets=1
presentation geometry seconds=5: window_px=2640x1528 scale=2 video_logical=(260,76,664,373.5) clip_logical=(260,76,1032,640) page=2 fullscreen=false hidden=false native_child=true geometry_events=4
native geometry seconds=5: backing_px=1328x747 geometry_changes=3 visible=true renders=277 publications=277
native-child lifecycle observed stage=8 state=Paused paused=true position=4.533 decoder=videotoolbox native_visible=true native_publications=280 native_renders=280 ui_draws=26
native-child lifecycle stage=8 passed; compositor pixels not measured
checkpoint seconds=10: Snapshot { stop_pending: false, state: Paused, paused: true, paused_for_cache: false, playback_restarted: true, position: 20.0, duration: 90.0, volume: 100.0, muted: false, mute_observed: true, speed: 1.0, speed_observed: true, speed_updates: 1, hwdec_current: "videotoolbox", codec: "H.264 / AVC / MPEG-4 AVC / MPEG-4 part 10", audio_codec: "aac", audio_output: "avfoundation", subtitle_id: None, subtitle_selection_observed: true, subtitle_updates: 3, diagnostic_silent_audio: false, autosync_factor: 0, audio_sample_rate: 48000, width: 1920, height: 1080, fps: 60.0, dropped_frames: 0, error: None, events_received: 79, file_loads: 1, file_starts: 1, load_request_id: 4611686018427387904, active_load_request_id: 4611686018427387904, failed_load_request_id: None, resume_position_reply: None, audio_probe_reply: None, wakeups: 311, render_notifications: 285, decoder_dropped_frames: 0, timing_lead_ms: 50, prepare_ms: 0, display_clock_ticks: 285, display_clock_starts: 1, display_clock_stops: 1, display_clock_active: false, prevents_display_sleep: false }; ui_draws=29 catalog_changes=0 catalog_resets=1
presentation geometry seconds=10: window_px=2640x1528 scale=2 video_logical=(260,76,664,373.5) clip_logical=(260,76,1032,640) page=2 fullscreen=false hidden=false native_child=true geometry_events=4
native geometry seconds=10: backing_px=1328x747 geometry_changes=3 visible=true renders=282 publications=282
native-child lifecycle observed stage=11 state=Paused paused=true position=20.000 decoder=videotoolbox native_visible=true native_publications=282 native_renders=282 ui_draws=29
native-child lifecycle stage=11 passed; compositor pixels not measured
native-child lifecycle observed stage=14 state=Paused paused=true position=20.000 decoder=videotoolbox native_visible=false native_publications=282 native_renders=282 ui_draws=31
native-child lifecycle stage=14 passed; compositor pixels not measured
native-child lifecycle observed stage=15 state=Paused paused=true position=20.000 decoder=videotoolbox native_visible=true native_publications=283 native_renders=283 ui_draws=33
native-child lifecycle stage=15 passed; compositor pixels not measured
native-child lifecycle observed stage=16 state=Paused paused=true position=20.000 decoder=videotoolbox native_visible=false native_publications=283 native_renders=283 ui_draws=35
native-child lifecycle stage=16 passed; compositor pixels not measured
native-child lifecycle observed stage=17 state=Paused paused=true position=20.000 decoder=videotoolbox native_visible=true native_publications=284 native_renders=284 ui_draws=37
native-child lifecycle stage=17 passed; compositor pixels not measured
window occluded=true at_ms=17149
window occluded=false at_ms=17670
native-child lifecycle observed stage=20 state=Playing paused=false position=22.383 decoder=videotoolbox native_visible=true native_publications=422 native_renders=422 ui_draws=54
native-child lifecycle stage=20 passed; compositor pixels not measured
window occluded=true at_ms=20101
window occluded=false at_ms=20709
native-child lifecycle observed stage=23 state=Paused paused=true position=22.383 decoder=videotoolbox native_visible=true native_publications=425 native_renders=425 ui_draws=61
native-child lifecycle stage=23 passed; compositor pixels not measured
checkpoint seconds=25: Snapshot { stop_pending: false, state: Paused, paused: true, paused_for_cache: false, playback_restarted: true, position: 22.383333333333333, duration: 90.0, volume: 100.0, muted: false, mute_observed: true, speed: 1.0, speed_observed: true, speed_updates: 1, hwdec_current: "videotoolbox", codec: "H.264 / AVC / MPEG-4 AVC / MPEG-4 part 10", audio_codec: "aac", audio_output: "avfoundation", subtitle_id: None, subtitle_selection_observed: true, subtitle_updates: 3, diagnostic_silent_audio: false, autosync_factor: 0, audio_sample_rate: 48000, width: 1920, height: 1080, fps: 60.0, dropped_frames: 8, error: None, events_received: 103, file_loads: 1, file_starts: 1, load_request_id: 4611686018427387904, active_load_request_id: 4611686018427387904, failed_load_request_id: None, resume_position_reply: None, audio_probe_reply: None, wakeups: 469, render_notifications: 428, decoder_dropped_frames: 0, timing_lead_ms: 50, prepare_ms: 0, display_clock_ticks: 432, display_clock_starts: 3, display_clock_stops: 3, display_clock_active: false, prevents_display_sleep: false }; ui_draws=63 catalog_changes=0 catalog_resets=1
presentation geometry seconds=25: window_px=2640x1528 scale=2 video_logical=(260,76,664,373.5) clip_logical=(260,76,1032,640) page=2 fullscreen=false hidden=false native_child=true geometry_events=10
native geometry seconds=25: backing_px=1328x747 geometry_changes=9 visible=false renders=425 publications=425
native-child lifecycle observed stage=26 state=Paused paused=true position=22.383 decoder=videotoolbox native_visible=false native_publications=425 native_renders=425 ui_draws=63
native-child lifecycle stage=26 passed; compositor pixels not measured
native-child lifecycle observed stage=29 state=Paused paused=true position=22.383 decoder=videotoolbox native_visible=true native_publications=426 native_renders=426 ui_draws=65
native-child lifecycle stage=29 passed; compositor pixels not measured
native-child lifecycle observed stage=32 state=Paused paused=true position=22.383 decoder=videotoolbox native_visible=false native_publications=426 native_renders=426 ui_draws=67
native-child lifecycle stage=32 passed; compositor pixels not measured
native-child lifecycle observed stage=35 state=Paused paused=true position=22.383 decoder=videotoolbox native_visible=true native_publications=427 native_renders=427 ui_draws=70
native-child lifecycle stage=35 passed; compositor pixels not measured
window occluded=true at_ms=35696
native-child lifecycle observed stage=38 state=Paused paused=true position=22.383 decoder=videotoolbox native_visible=false native_publications=428 native_renders=428 ui_draws=72
native-child lifecycle stage=38 passed; compositor pixels not measured
window occluded=false at_ms=38595
native-child lifecycle observed stage=41 state=Paused paused=true position=22.383 decoder=videotoolbox native_visible=true native_publications=429 native_renders=429 ui_draws=75
native-child lifecycle stage=41 passed; compositor pixels not measured
native-child lifecycle observed stage=44 state=Idle paused=true position=0.000 decoder= native_visible=false native_publications=429 native_renders=429 ui_draws=77
native-child lifecycle stage=44 passed; compositor pixels not measured
native child stats: NativeChildStats { media_wakeups: 473, render_notifications: 428, display_clock_ticks: 432, render_calls: 561, updates: 429, renders: 429, skipped_frames: 6, publications: 429, geometry_changes: 13, render_us: 989009, max_render_us: 50019, flush_us: 1658937, max_flush_us: 30008, target_samples: 420, early_us: 2442, late_us: 6165125, max_early_us: 2442, max_late_us: 113632, backing_width: 1664, backing_height: 936, estimated_color_bytes: 12460032, visible: false }
session counters: ui=59 catalog_changes=0 catalog_resets=1 redraw_requests=0 draw_callbacks=77 media=Snapshot { stop_pending: true, state: Idle, paused: true, paused_for_cache: false, playback_restarted: false, position: 0.0, duration: 0.0, volume: 100.0, muted: false, mute_observed: true, speed: 1.0, speed_observed: true, speed_updates: 1, hwdec_current: "", codec: "", audio_codec: "", audio_output: "", subtitle_id: None, subtitle_selection_observed: true, subtitle_updates: 4, diagnostic_silent_audio: false, autosync_factor: 0, audio_sample_rate: 0, width: 0, height: 0, fps: 0.0, dropped_frames: 8, error: None, events_received: 126, file_loads: 1, file_starts: 1, load_request_id: 0, active_load_request_id: 4611686018427387904, failed_load_request_id: None, resume_position_reply: None, audio_probe_reply: None, wakeups: 472, render_notifications: 428, decoder_dropped_frames: 0, timing_lead_ms: 50, prepare_ms: 0, display_clock_ticks: 432, display_clock_starts: 3, display_clock_stops: 3, display_clock_active: false, prevents_display_sleep: false }
