native child owning window number: 4615
native child graphics: Apple | Apple M1 | 4.1 Metal - 91.7
window occluded=false at_ms=337
checkpoint seconds=5: Snapshot { stop_pending: false, state: Playing, paused: false, paused_for_cache: false, playback_restarted: true, position: 4.516666666666667, duration: 90.0, volume: 100.0, muted: false, mute_observed: true, speed: 1.0, speed_observed: true, speed_updates: 1, hwdec_current: "videotoolbox", codec: "H.264 / AVC / MPEG-4 AVC / MPEG-4 part 10", audio_codec: "aac", audio_output: "avfoundation", subtitle_id: None, subtitle_selection_observed: true, subtitle_updates: 3, diagnostic_silent_audio: false, autosync_factor: 0, audio_sample_rate: 48000, width: 1920, height: 1080, fps: 60.0, dropped_frames: 5, error: None, events_received: 69, file_loads: 1, file_starts: 1, load_request_id: 4611686018427387904, active_load_request_id: 4611686018427387904, failed_load_request_id: None, resume_position_reply: None, audio_probe_reply: None, wakeups: 297, render_notifications: 275, decoder_dropped_frames: 0, timing_lead_ms: 50, prepare_ms: 0, display_clock_ticks: 278, display_clock_starts: 1, display_clock_stops: 0, display_clock_active: true, prevents_display_sleep: true }; ui_draws=24 catalog_changes=0 catalog_resets=1
native-child lifecycle observed stage=5 state=Playing paused=false position=4.517 decoder=videotoolbox native_visible=true native_publications=273 native_renders=273 ui_draws=24
native-child lifecycle stage=5 passed; compositor pixels not measured
native-child lifecycle observed stage=8 state=Paused paused=true position=4.517 decoder=videotoolbox native_visible=true native_publications=276 native_renders=276 ui_draws=25
native-child lifecycle stage=8 passed; compositor pixels not measured
checkpoint seconds=10: Snapshot { stop_pending: false, state: Paused, paused: true, paused_for_cache: false, playback_restarted: true, position: 20.0, duration: 90.0, volume: 100.0, muted: false, mute_observed: true, speed: 1.0, speed_observed: true, speed_updates: 1, hwdec_current: "videotoolbox", codec: "H.264 / AVC / MPEG-4 AVC / MPEG-4 part 10", audio_codec: "aac", audio_output: "avfoundation", subtitle_id: None, subtitle_selection_observed: true, subtitle_updates: 3, diagnostic_silent_audio: false, autosync_factor: 0, audio_sample_rate: 48000, width: 1920, height: 1080, fps: 60.0, dropped_frames: 0, error: None, events_received: 81, file_loads: 1, file_starts: 1, load_request_id: 4611686018427387904, active_load_request_id: 4611686018427387904, failed_load_request_id: None, resume_position_reply: None, audio_probe_reply: None, wakeups: 308, render_notifications: 280, decoder_dropped_frames: 0, timing_lead_ms: 50, prepare_ms: 0, display_clock_ticks: 282, display_clock_starts: 1, display_clock_stops: 1, display_clock_active: false, prevents_display_sleep: false }; ui_draws=28 catalog_changes=0 catalog_resets=1
native-child lifecycle observed stage=11 state=Paused paused=true position=20.000 decoder=videotoolbox native_visible=true native_publications=278 native_renders=278 ui_draws=28
native-child lifecycle stage=11 passed; compositor pixels not measured
native-child lifecycle observed stage=14 state=Paused paused=true position=20.000 decoder=videotoolbox native_visible=false native_publications=278 native_renders=278 ui_draws=30
native-child lifecycle stage=14 passed; compositor pixels not measured
native-child lifecycle observed stage=17 state=Paused paused=true position=20.000 decoder=videotoolbox native_visible=true native_publications=279 native_renders=279 ui_draws=32
native-child lifecycle stage=17 passed; compositor pixels not measured
window occluded=true at_ms=17189
window occluded=false at_ms=17787
native-child lifecycle observed stage=20 state=Playing paused=false position=22.183 decoder=videotoolbox native_visible=true native_publications=405 native_renders=405 ui_draws=48
native-child lifecycle stage=20 passed; compositor pixels not measured
window occluded=true at_ms=20114
window occluded=false at_ms=20724
native-child lifecycle stage=23 failed: fullscreen exit/pause did not settle
native child stats: NativeChildStats { media_wakeups: 601, render_notifications: 546, display_clock_ticks: 558, render_calls: 670, updates: 545, renders: 542, skipped_frames: 5, publications: 542, geometry_changes: 8, render_us: 1599144, max_render_us: 49830, flush_us: 1905105, max_flush_us: 13851, target_samples: 537, early_us: 10666, late_us: 9046955, max_early_us: 10666, max_late_us: 177913, backing_width: 1328, backing_height: 747, estimated_color_bytes: 7936128, visible: false }
session counters: ui=70 catalog_changes=0 catalog_resets=1 redraw_requests=0 draw_callbacks=64 media=Snapshot { stop_pending: true, state: Playing, paused: false, paused_for_cache: false, playback_restarted: false, position: 0.0, duration: 0.0, volume: 100.0, muted: false, mute_observed: true, speed: 1.0, speed_observed: true, speed_updates: 1, hwdec_current: "videotoolbox", codec: "H.264 / AVC / MPEG-4 AVC / MPEG-4 part 10", audio_codec: "aac", audio_output: "avfoundation", subtitle_id: None, subtitle_selection_observed: true, subtitle_updates: 3, diagnostic_silent_audio: false, autosync_factor: 0, audio_sample_rate: 48000, width: 1920, height: 1080, fps: 60.0, dropped_frames: 20, error: None, events_received: 122, file_loads: 1, file_starts: 1, load_request_id: 0, active_load_request_id: 4611686018427387904, failed_load_request_id: None, resume_position_reply: None, audio_probe_reply: None, wakeups: 600, render_notifications: 545, decoder_dropped_frames: 0, timing_lead_ms: 50, prepare_ms: 0, display_clock_ticks: 557, display_clock_starts: 4, display_clock_stops: 3, display_clock_active: true, prevents_display_sleep: true }
Error: Custom { kind: Other, error: "fullscreen exit/pause did not settle" }
