graphics: Apple | Apple M1 | 4.1 Metal - 91.7
window occluded=false at_ms=1901
library keyboard stage=1 injected_slint_keys=true os_keyboard_delivery=false
library keyboard stage=2 injected_slint_keys=true os_keyboard_delivery=false
library keyboard stage=3 injected_slint_keys=true os_keyboard_delivery=false
library keyboard stage=4 injected_slint_keys=true os_keyboard_delivery=false
library keyboard stage=5 injected_slint_keys=true os_keyboard_delivery=false
library keyboard stage=6 injected_slint_keys=true os_keyboard_delivery=false
library keyboard stage=7 injected_slint_keys=true os_keyboard_delivery=false
library keyboard stage=8 injected_slint_keys=true os_keyboard_delivery=false
library keyboard stage=9 injected_slint_keys=true os_keyboard_delivery=false
library keyboard selector: injected_rejection=true real_queue_saturation=false acknowledged_display_restored=true
library keyboard stage=10 injected_slint_keys=true os_keyboard_delivery=false
library keyboard stage=11 injected_slint_keys=true os_keyboard_delivery=false
library keyboard stage=12 injected_slint_keys=true os_keyboard_delivery=false
library keyboard stage=13 injected_slint_keys=true os_keyboard_delivery=false
library keyboard stage=14 injected_slint_keys=true os_keyboard_delivery=false
library keyboard stage=15 injected_slint_keys=true os_keyboard_delivery=false
library keyboard stage=16 injected_slint_keys=true os_keyboard_delivery=false
library keyboard stage=17 injected_slint_keys=true os_keyboard_delivery=false
library keyboard stage=18 injected_slint_keys=true os_keyboard_delivery=false
library keyboard stage=19 injected_slint_keys=true os_keyboard_delivery=false
library keyboard stage=20 injected_slint_keys=true os_keyboard_delivery=false
library keyboard stage=21 injected_slint_keys=true os_keyboard_delivery=false
library keyboard stage=22 injected_slint_keys=true os_keyboard_delivery=false
session counters: ui=3 catalog_changes=0 catalog_resets=0 redraw_requests=1 draw_callbacks=128 media=Snapshot { stop_pending: true, state: Idle, paused: true, paused_for_cache: false, playback_restarted: false, position: 0.0, duration: 0.0, volume: 100.0, muted: false, mute_observed: true, speed: 1.0, speed_observed: true, speed_updates: 1, hwdec_current: "", codec: "", audio_codec: "", audio_output: "", subtitle_id: None, subtitle_selection_observed: true, subtitle_updates: 2, subtitle_off_reply: None, diagnostic_silent_audio: false, autosync_factor: 0, audio_sample_rate: 0, width: 0, height: 0, fps: 0.0, dropped_frames: 0, error: None, events_received: 22, file_loads: 0, file_starts: 0, load_request_id: 0, active_load_request_id: 0, failed_load_request_id: None, resume_position_reply: None, audio_probe_reply: None, wakeups: 2, render_notifications: 1, decoder_dropped_frames: 0, timing_lead_ms: 50, prepare_ms: 0, display_clock_ticks: 0, display_clock_starts: 0, display_clock_stops: 0, display_clock_active: false, prevents_display_sleep: false }
library keyboard complete: stages=22 saved_fixture_videos=101 injected_slint_keys=true remote_thumbnail_starts=0 media_loads=0 account_connected=false
render stats: RenderStats { updates: 1, video_draws: 0, ui_draws: 128, target_allocations: 0, target_bytes: 0, stable_video_target: false, stable_target_draws: 0, private_target_draws: 0, target_publications: 0, timing_samples: 0, gl_save_us: 0, mpv_update_us: 0, mpv_render_us: 0, gl_restore_us: 0, max_mpv_render_us: 0, target_time_samples: 0, early_us: 0, late_us: 0, max_early_us: 0, max_late_us: 0, scheduled_wakes: 0, callback_latency_samples: 0, callback_latency_us: 0, max_callback_latency_us: 0, gpu: GpuTimingStats { requested: false, supported: false, query_api_available: false, counter_bits: 0, elapsed_counter_bits: 0, ui_elapsed_requested: false, ui_elapsed_samples: 0, ui_elapsed_ns: 0, max_ui_elapsed_ns: 0, elapsed_conflicts: 0, allocation_failed: false, disjoint_supported: false, frame_samples: 0, media_samples: 0, frame_ns: 0, media_ns: 0, ui_after_media_ns: 0, max_frame_ns: 0, max_media_ns: 0, max_ui_after_media_ns: 0, dropped_samples: 0, invalid_samples: 0, disjoint_events: 0, pending_samples: 0 } }
